# build_container_image ...
FULL_IMAGE_NAME=umd_msml610/umd_msml610_image
cp: cannot stat './bashrc': No such file or directory
cp: cannot stat './etc_sudoers': No such file or directory
cp: cannot stat './install_jupyter_extensions.sh': No such file or directory
cp: cannot stat './utils.sh': No such file or directory
DOCKER_BUILDKIT=1
DOCKER_BUILD_MULTI_ARCH=
Building for current architecture...
#0 building with "default" instance using docker driver

#1 [internal] load build definition from Dockerfile
#1 transferring dockerfile: 1.68kB done
#1 DONE 0.0s

#2 [internal] load metadata for docker.io/library/ubuntu:20.04
#2 DONE 0.3s

#3 [internal] load .dockerignore
#3 transferring context: 2B done
#3 DONE 0.0s

#4 [ 1/20] FROM docker.io/library/ubuntu:20.04@sha256:8feb4d8ca5354def3d8fce243717141ce31e2c428701f6682bd2fafe15388214
#4 DONE 0.0s

#5 [internal] load build context
#5 transferring context: 1.46kB done
#5 DONE 0.0s

#6 [ 8/20] RUN mkdir /install
#6 CACHED

#7 [12/20] RUN chmod +x /install/install_jupyter_extensions.sh
#7 CACHED

#8 [15/20] RUN pip3 install --no-cache-dir -r /install/requirements.txt
#8 CACHED

#9 [ 3/20] RUN apt-get -y upgrade
#9 CACHED

#10 [ 6/20] RUN python3 -m pip install --upgrade pip
#10 CACHED

#11 [ 5/20] RUN apt install -y --no-install-recommends     python3     python3-pip     python3-dev
#11 CACHED

#12 [13/20] RUN /install/install_jupyter_extensions.sh
#12 CACHED

#13 [ 2/20] RUN apt-get -y update
#13 CACHED

#14 [ 9/20] ADD install_common_packages.sh /install/
#14 CACHED

#15 [ 4/20] RUN apt install -y --no-install-recommends     sudo     curl     systemctl     gnupg     git     vim
#15 CACHED

#16 [10/20] RUN chmod +x /install/install_common_packages.sh && /install/install_common_packages.sh
#16 CACHED

#17 [14/20] COPY requirements.txt /install/
#17 CACHED

#18 [ 7/20] RUN apt-get update && apt-get install -y --no-install-recommends     build-essential     python3-dev     libxml2-dev     libxslt-dev     zlib1g-dev     && rm -rf /var/lib/apt/lists/*
#18 CACHED

#19 [16/20] ADD etc_sudoers /install/
#19 ERROR: failed to calculate checksum of ref a6b46266-0ba3-44aa-a6ed-b874d0c86bad::cvnfwodpdvv6s2oagtidt7gob: "/etc_sudoers": not found

#20 [17/20] COPY etc_sudoers /etc/sudoers
#20 ERROR: failed to calculate checksum of ref a6b46266-0ba3-44aa-a6ed-b874d0c86bad::cvnfwodpdvv6s2oagtidt7gob: "/etc_sudoers": not found

#21 [18/20] COPY bashrc /root/.bashrc
#21 ERROR: failed to calculate checksum of ref a6b46266-0ba3-44aa-a6ed-b874d0c86bad::cvnfwodpdvv6s2oagtidt7gob: "/bashrc": not found

#22 [11/20] ADD install_jupyter_extensions.sh /install
#22 ERROR: failed to calculate checksum of ref a6b46266-0ba3-44aa-a6ed-b874d0c86bad::cvnfwodpdvv6s2oagtidt7gob: "/install_jupyter_extensions.sh": not found
------
 > [11/20] ADD install_jupyter_extensions.sh /install:
------
------
 > [16/20] ADD etc_sudoers /install/:
------
------
 > [17/20] COPY etc_sudoers /etc/sudoers:
------
------
 > [18/20] COPY bashrc /root/.bashrc:
------
Dockerfile:56
--------------------
  54 |     ADD etc_sudoers /install/
  55 |     COPY etc_sudoers /etc/sudoers
  56 | >>> COPY bashrc /root/.bashrc
  57 |     
  58 |     # Report package versions.
--------------------
ERROR: failed to build: failed to solve: failed to compute cache key: failed to calculate checksum of ref a6b46266-0ba3-44aa-a6ed-b874d0c86bad::cvnfwodpdvv6s2oagtidt7gob: "/bashrc": not found
